group1j\ReviewTool\UserInterface\screens\InstructorScreen$23.class
group1j\ReviewTool\UserInterface\screens\StudentScreen$7.class
group1j\ReviewTool\UserInterface\screens\SignupScreen$1.class
group1j\ReviewTool\UserInterface\screens\InstructorScreen$13.class
group1j\ReviewTool\UserInterface\screens\InstructorScreen$7.class
group1j\ReviewTool\UserInterface\screens\StudentScreen$12.class
group1j\ReviewTool\UserInterface\screens\StudentScreen.class
group1j\ReviewTool\BusinessLogic\BMController.class
group1j\ReviewTool\UserInterface\factories\PanelFactory.class
group1j\ReviewTool\UserInterface\screens\LoginScreen.class
group1j\ReviewTool\UserInterface\screens\InstructorScreen$17.class
group1j\ReviewTool\UserInterface\screens\LoginScreen$2.class
group1j\ReviewTool\UserInterface\screens\InstructorScreen$16.class
group1j\ReviewTool\UserInterface\factories\UIPanel.class
group1j\ReviewTool\UserInterface\factories\MemberPanel.class
group1j\ReviewTool\UserInterface\factories\ArtifactPanel.class
group1j\ReviewTool\UserInterface\screens\InstructorScreen$14.class
group1j\ReviewTool\BusinessLogic\Instructor.class
group1j\ReviewTool\UserInterface\screens\InstructorScreen$22.class
group1j\ReviewTool\UserInterface\screens\StudentScreen$6.class
group1j\ReviewTool\UserInterface\screens\InstructorScreen$4.class
group1j\ReviewTool\UserInterface\screens\LoginScreen$1.class
group1j\ReviewTool\UserInterface\screens\StudentScreen$3.class
group1j\ReviewTool\UserInterface\screens\SignupScreen$2.class
group1j\ReviewTool\UserInterface\screens\InstructorScreen$8.class
group1j\ReviewTool\UserInterface\screens\InstructorScreen.class
group1j\ReviewTool\BusinessLogic\Group.class
group1j\ReviewTool\UserInterface\screens\InstructorScreen$1.class
group1j\ReviewTool\UserInterface\screens\SignupScreen.class
group1j\ReviewTool\UserInterface\screens\StudentScreen$11.class
group1j\ReviewTool\UserInterface\UIController.class
group1j\ReviewTool\UserInterface\screens\InstructorScreen$10.class
group1j\ReviewTool\UserInterface\screens\StudentScreen$9.class
group1j\ReviewTool\UserInterface\factories\STMemberPanel.class
group1j\ReviewTool\UserInterface\screens\InstructorScreen$5.class
group1j\ReviewTool\UserInterface\factories\ArtReviewPanel.class
group1j\ReviewTool\UserInterface\screens\StudentScreen$2.class
group1j\ReviewTool\UserInterface\screens\InstructorScreen$21.class
group1j\ReviewTool\UserInterface\screens\InstructorScreen$11.class
group1j\ReviewTool\UserInterface\screens\StudentScreen$10.class
group1j\ReviewTool\UserInterface\screens\InstructorScreen$2.class
group1j\ReviewTool\UserInterface\screens\InstructorScreen$19.class
group1j\ReviewTool\UserInterface\screens\StudentScreen$5.class
group1j\ReviewTool\BusinessLogic\TA.class
group1j\ReviewTool\UserInterface\screens\InstructorScreen$6.class
group1j\ReviewTool\UserInterface\screens\StudentScreen$1.class
group1j\ReviewTool\UserInterface\screens\StudentScreen$8.class
group1j\ReviewTool\UserInterface\factories\GroupPanel.class
group1j\ReviewTool\UserInterface\screens\InstructorScreen$12.class
group1j\ReviewTool\UserInterface\screens\StudentScreen$13.class
group1j\ReviewTool\UserInterface\factories\AssignmentPanel.class
group1j\ReviewTool\UserInterface\screens\InstructorScreen$9.class
group1j\ReviewTool\UserInterface\screens\InstructorScreen$3.class
group1j\ReviewTool\UserInterface\screens\StudentScreen$4.class
group1j\ReviewTool\UserInterface\factories\SmallMemberPanel.class
group1j\ReviewTool\DatabaseManagement\DMController.class
group1j\ReviewTool\UserInterface\screens\InstructorScreen$18.class
group1j\ReviewTool\UserInterface\screens\InstructorScreen$15.class
group1j\ReviewTool\UserInterface\screens\TAScreen.class
group1j\ReviewTool\UserInterface\screens\InstructorScreen$20.class
